an test tests/Feature/Auth --compact an\ test\ --filter\=Auth\ --parallel app artisan bootstrap commitlint.config.cjs composer.json composer.lock config database docker docker-compose.override.yml docker-compose.staging.yml docker-compose.yml Dockerfile.backend documentation eslint.config.js node_modules package.json package-lock.json phpunit.xml public README.md resources routes storage tests vendor vite.config.js
